Archive member included to satisfy reference by file (symbol)

../cross_compiler/lib/gcc/arm-none-eabi/4.8.1//libgcc.a(_udivsi3.o)
                              binaries/qsort.o (__aeabi_uidiv)
../cross_compiler/lib/gcc/arm-none-eabi/4.8.1//libgcc.a(_divsi3.o)
                              binaries/doprnt.o (__aeabi_idiv)
../cross_compiler/lib/gcc/arm-none-eabi/4.8.1//libgcc.a(_dvmd_tls.o)
                              ../cross_compiler/lib/gcc/arm-none-eabi/4.8.1//libgcc.a(_udivsi3.o) (__aeabi_idiv0)
../cross_compiler/lib/gcc/arm-none-eabi/4.8.1//libgcc.a(_arm_muldivdf3.o)
                              binaries/doprnt.o (__aeabi_dmul)
../cross_compiler/lib/gcc/arm-none-eabi/4.8.1//libgcc.a(_arm_cmpdf2.o)
                              binaries/doprnt.o (__aeabi_dcmplt)
../cross_compiler/lib/gcc/arm-none-eabi/4.8.1//libgcc.a(_arm_fixdfsi.o)
                              binaries/doprnt.o (__aeabi_d2iz)

Allocating common symbols
Common symbol       size              file

netbufpool          0x4               binaries/net.o
readylist           0x2               binaries/ready.o
rfltab              0x5a0             binaries/rflinit.o
netportseed         0x4               binaries/net.o
sleepq              0x2               binaries/clkinit.o
intc_vector         0x200             binaries/evec.o
nnames              0x4               binaries/naminit.o
udptab              0x168             binaries/udp.o
minheap             0x4               binaries/meminit.o
marks               0x50              binaries/mark.o
full                0x4               binaries/main.o
currpid             0x4               binaries/initialize.o
Lf_data             0x20c             binaries/lfsinit.o
porttab             0x2d0             binaries/ptinit.o
ttytab              0x110             binaries/ttyinit.o
proctab             0x15e0            binaries/initialize.o
cir_buf             0x19c             binaries/main.o
eth_a_regs          0x1c              binaries/ethinit.o
prcount             0x4               binaries/initialize.o
lfltab              0xf00             binaries/lflinit.o
producer_id         0x4               binaries/main.o
rdstab              0x8c              binaries/rdsinit.o
ethertab            0x138             binaries/ethinit.o
NetData             0xb0              binaries/net.o
mutex               0x4               binaries/main.o
clktime_ms          0x4               binaries/clkinit.o
nmarks              0x4               binaries/mark.o
Defer               0x8               binaries/resched.o
semtab              0x4b0             binaries/initialize.o
maxheap             0x4               binaries/meminit.o
preempt             0x4               binaries/clkinit.o
buftab              0xf0              binaries/bufinit.o
Rf_data             0x18              binaries/rfsinit.o
mkmutex             0x4               binaries/mark.o
clktime             0x4               binaries/clkinit.o
arpcache            0x140             binaries/arp.o
icmptab             0x230             binaries/icmp.o
nbpools             0x4               binaries/bufinit.o
queuetab            0x980             binaries/queue.o
ptnextid            0x4               binaries/ptinit.o
Ram                 0x19000           binaries/raminit.o
consumer_id         0x4               binaries/main.o
ipoqueue            0x2c              binaries/ip.o
timer_id            0x4               binaries/main.o
memlist             0x8               binaries/initialize.o
nametab             0x19a0            binaries/naminit.o
ptfree              0x4               binaries/ptinit.o
empty               0x4               binaries/main.o

Memory Configuration

Name             Origin             Length             Attributes
*default*        0x0000000000000000 0xffffffffffffffff

Linker script and memory map

                0x0000000081000000                physbase = 0x81000000
                0x0000000081000000                . = physbase
                0x0000000081000000                . = ALIGN (0x1000)

.text           0x0000000081000000    0x16000
                0x0000000081000000                text = ABSOLUTE (.)
 *(.text .text.*)
 .text          0x0000000081000000       0x4c binaries/start.o
                0x0000000081000000                start
 .text          0x000000008100004c      0x36c binaries/ascdate.o
                0x000000008100004c                ascdate
 .text          0x00000000810003b8       0x18 binaries/bufinit.o
                0x00000000810003b8                bufinit
 .text          0x00000000810003d0       0x68 binaries/chprio.o
                0x00000000810003d0                chprio
 .text          0x0000000081000438       0xfc binaries/clkhandler.o
                0x0000000081000438                clkhandler
 .text          0x0000000081000534       0xe0 binaries/clkinit.o
                0x0000000081000534                clkinit
 .text          0x0000000081000614       0x54 binaries/close.o
                0x0000000081000614                close
 .text          0x0000000081000668        0x0 binaries/conf.o
 .text          0x0000000081000668       0x6c binaries/control.o
                0x0000000081000668                control
 .text          0x00000000810006d4      0x2bc binaries/create.o
                0x00000000810006d4                create
 .text          0x0000000081000990       0xb0 binaries/evec.o
                0x0000000081000990                initintc
                0x00000000810009bc                set_evec
                0x00000000810009fc                irq_dispatch
 .text          0x0000000081000a40       0x10 binaries/exit.o
                0x0000000081000a40                exit
 .text          0x0000000081000a50       0x7c binaries/freebuf.o
                0x0000000081000a50                freebuf
 .text          0x0000000081000acc      0x150 binaries/freemem.o
                0x0000000081000acc                freemem
 .text          0x0000000081000c1c       0x7c binaries/getbuf.o
                0x0000000081000c1c                getbuf
 .text          0x0000000081000c98       0x54 binaries/getc.o
                0x0000000081000c98                getc
 .text          0x0000000081000cec       0x68 binaries/getdev.o
                0x0000000081000cec                getdev
 .text          0x0000000081000d54       0x90 binaries/getitem.o
                0x0000000081000d54                getitem
                0x0000000081000d7c                getfirst
                0x0000000081000da8                getlast
 .text          0x0000000081000de4      0x104 binaries/getmem.o
                0x0000000081000de4                getmem
 .text          0x0000000081000ee8       0x10 binaries/getpid.o
                0x0000000081000ee8                getpid
 .text          0x0000000081000ef8       0x60 binaries/getprio.o
                0x0000000081000ef8                getprio
 .text          0x0000000081000f58       0xcc binaries/getstk.o
                0x0000000081000f58                getstk
 .text          0x0000000081001024        0x8 binaries/getticks.o
                0x0000000081001024                getticks
 .text          0x000000008100102c       0x38 binaries/gettime.o
                0x000000008100102c                gettime
 .text          0x0000000081001064      0x1fc binaries/getutime.o
                0x0000000081001064                getutime
 .text          0x0000000081001260       0x54 binaries/init.o
                0x0000000081001260                init
 .text          0x00000000810012b4      0x348 binaries/initialize.o
                0x0000000081001358                nulluser
                0x000000008100159c                stop
                0x00000000810015c0                delay
 .text          0x00000000810015fc       0xc4 binaries/insert.o
                0x00000000810015fc                insert
 .text          0x00000000810016c0      0x130 binaries/insertd.o
                0x00000000810016c0                insertd
 .text          0x00000000810017f0        0x8 binaries/ioerr.o
                0x00000000810017f0                ioerr
 .text          0x00000000810017f8        0x8 binaries/ionull.o
                0x00000000810017f8                ionull
 .text          0x0000000081001800      0x198 binaries/kill.o
                0x0000000081001800                kill
 .text          0x0000000081001998       0xd0 binaries/kprintf.o
                0x0000000081001998                kputc
                0x00000000810019e8                kgetc
                0x0000000081001a28                kprintf
 .text          0x0000000081001a68      0x338 binaries/main.o
                0x0000000081001a68                time_and_end
                0x0000000081001b2c                consumer
                0x0000000081001bb8                producer
                0x0000000081001c58                create_queue
                0x0000000081001c78                mutex_acquire
                0x0000000081001c84                mutex_release
                0x0000000081001c90                main
 .text          0x0000000081001da0       0xd0 binaries/mark.o
                0x0000000081001da0                markinit
                0x0000000081001dcc                mark
 .text          0x0000000081001e70       0x48 binaries/meminit.o
                0x0000000081001e70                meminit
 .text          0x0000000081001eb8      0x144 binaries/mkbufpool.o
                0x0000000081001eb8                mkbufpool
 .text          0x0000000081001ffc       0x70 binaries/newqueue.o
                0x0000000081001ffc                newqueue
 .text          0x000000008100206c       0x64 binaries/open.o
                0x000000008100206c                open
 .text          0x00000000810020d0       0x20 binaries/panic.o
                0x00000000810020d0                panic
 .text          0x00000000810020f0       0xac binaries/platinit.o
                0x00000000810020f0                counterinit
                0x0000000081002108                platinit
 .text          0x000000008100219c       0xa8 binaries/ptclear.o
                0x000000008100219c                _ptclear
 .text          0x0000000081002244       0x9c binaries/ptcount.o
                0x0000000081002244                ptcount
 .text          0x00000000810022e0       0xf8 binaries/ptcreate.o
                0x00000000810022e0                ptcreate
 .text          0x00000000810023d8       0x74 binaries/ptdelete.o
                0x00000000810023d8                ptdelete
 .text          0x000000008100244c       0xb0 binaries/ptinit.o
                0x000000008100244c                ptinit
 .text          0x00000000810024fc      0x158 binaries/ptrecv.o
                0x00000000810024fc                ptrecv
 .text          0x0000000081002654       0x68 binaries/ptreset.o
                0x0000000081002654                ptreset
 .text          0x00000000810026bc      0x18c binaries/ptsend.o
                0x00000000810026bc                ptsend
 .text          0x0000000081002848       0x5c binaries/putc.o
                0x0000000081002848                putc
 .text          0x00000000810028a4       0xe8 binaries/queue.o
                0x00000000810028a4                enqueue
                0x0000000081002930                dequeue
 .text          0x000000008100298c       0x64 binaries/read.o
                0x000000008100298c                read
 .text          0x00000000810029f0       0x74 binaries/ready.o
                0x00000000810029f0                ready
 .text          0x0000000081002a64       0x84 binaries/receive.o
                0x0000000081002a64                receive
 .text          0x0000000081002ae8       0x60 binaries/recvclr.o
                0x0000000081002ae8                recvclr
 .text          0x0000000081002b48       0xe0 binaries/recvtime.o
                0x0000000081002b48                recvtime
 .text          0x0000000081002c28      0x1c8 binaries/resched.o
                0x0000000081002c28                resched
                0x0000000081002d3c                resched_cntl
 .text          0x0000000081002df0       0x88 binaries/resume.o
                0x0000000081002df0                resume
 .text          0x0000000081002e78       0x5c binaries/seek.o
                0x0000000081002e78                seek
 .text          0x0000000081002ed4       0x60 binaries/semcount.o
                0x0000000081002ed4                semcount
 .text          0x0000000081002f34       0xc8 binaries/semcreate.o
                0x0000000081002f34                semcreate
 .text          0x0000000081002ffc       0xc0 binaries/semdelete.o
                0x0000000081002ffc                semdelete
 .text          0x00000000810030bc       0xbc binaries/semreset.o
                0x00000000810030bc                semreset
 .text          0x0000000081003178       0xd0 binaries/send.o
                0x0000000081003178                send
 .text          0x0000000081003248       0xa4 binaries/signal.o
                0x0000000081003248                signal
 .text          0x00000000810032ec       0xc0 binaries/signaln.o
                0x00000000810032ec                signaln
 .text          0x00000000810033ac       0xd4 binaries/sleep.o
                0x00000000810033ac                sleepms
                0x0000000081003450                sleep
 .text          0x0000000081003480       0xd4 binaries/suspend.o
                0x0000000081003480                suspend
 .text          0x0000000081003554       0xa4 binaries/unsleep.o
                0x0000000081003554                unsleep
 .text          0x00000000810035f8       0x10 binaries/userret.o
                0x00000000810035f8                userret
 .text          0x0000000081003608       0xd0 binaries/wait.o
                0x0000000081003608                wait
 .text          0x00000000810036d8       0x88 binaries/wakeup.o
                0x00000000810036d8                wakeup
 .text          0x0000000081003760       0x64 binaries/write.o
                0x0000000081003760                write
 .text          0x00000000810037c4       0x18 binaries/xdone.o
                0x00000000810037c4                xdone
 .text          0x00000000810037dc       0x20 binaries/yield.o
                0x00000000810037dc                yield
 .text          0x00000000810037fc        0xc binaries/abs.o
                0x00000000810037fc                abs
 .text          0x0000000081003808      0x138 binaries/atoi.o
                0x0000000081003808                atoi
 .text          0x0000000081003940      0x138 binaries/atol.o
                0x0000000081003940                atol
 .text          0x0000000081003a78       0x20 binaries/bzero.o
                0x0000000081003a78                bzero
 .text          0x0000000081003a98        0x0 binaries/ctype_.o
 .text          0x0000000081003a98      0xa94 binaries/doprnt.o
                0x0000000081003cc4                _doprnt
 .text          0x000000008100452c      0x71c binaries/doscan.o
                0x000000008100452c                _doscan
 .text          0x0000000081004c48      0x8a0 binaries/fdoprnt.o
                0x0000000081004cf8                _fdoprnt
 .text          0x00000000810054e8       0x14 binaries/fgetc.o
                0x00000000810054e8                fgetc
 .text          0x00000000810054fc       0x74 binaries/fgets.o
                0x00000000810054fc                fgets
 .text          0x0000000081005570       0x3c binaries/fprintf.o
                0x0000000081005570                fprintf
 .text          0x00000000810055ac       0x24 binaries/fputc.o
                0x00000000810055ac                fputc
 .text          0x00000000810055d0       0x38 binaries/fputs.o
                0x00000000810055d0                fputs
 .text          0x0000000081005608       0x7c binaries/fscanf.o
                0x000000008100563c                fscanf
 .text          0x0000000081005684       0x30 binaries/getchar.o
                0x0000000081005684                getchar
 .text          0x00000000810056b4        0xc binaries/labs.o
                0x00000000810056b4                labs
 .text          0x00000000810056c0        0x0 binaries/memchr.o
 .text          0x00000000810056c0       0x58 binaries/memcmp.o
                0x00000000810056c0                memcmp
 .text          0x0000000081005718       0x24 binaries/memcpy.o
                0x0000000081005718                memcpy
 .text          0x000000008100573c       0x20 binaries/memset.o
                0x000000008100573c                memset
 .text          0x000000008100575c       0x5c binaries/printf.o
                0x000000008100575c                printf
 .text          0x00000000810057b8       0x30 binaries/putchar.o
                0x00000000810057b8                putchar
 .text          0x00000000810057e8      0x240 binaries/qsort.o
                0x0000000081005a08                qsort
 .text          0x0000000081005a28       0x84 binaries/rand.o
                0x0000000081005a28                rand
                0x0000000081005a60                rand_r
                0x0000000081005a9c                srand
 .text          0x0000000081005aac       0x68 binaries/sprintf.o
                0x0000000081005ac4                sprintf
 .text          0x0000000081005b14       0x7c binaries/sscanf.o
                0x0000000081005b48                sscanf
 .text          0x0000000081005b90       0x40 binaries/strchr.o
                0x0000000081005b90                strchr
 .text          0x0000000081005bd0       0x54 binaries/strcmp.o
                0x0000000081005bd0                strcmp
 .text          0x0000000081005c24       0x1c binaries/strcpy.o
                0x0000000081005c24                strcpy
 .text          0x0000000081005c40       0x30 binaries/strlen.o
                0x0000000081005c40                strlen
 .text          0x0000000081005c70       0x50 binaries/strncat.o
                0x0000000081005c70                strncat
 .text          0x0000000081005cc0       0x50 binaries/strncmp.o
                0x0000000081005cc0                strncmp
 .text          0x0000000081005d10       0x80 binaries/strncpy.o
                0x0000000081005d10                strncpy
 .text          0x0000000081005d90       0x50 binaries/strnlen.o
                0x0000000081005d90                strnlen
 .text          0x0000000081005de0       0x40 binaries/strrchr.o
                0x0000000081005de0                strrchr
 .text          0x0000000081005e20       0xb4 binaries/strstr.o
                0x0000000081005e20                strstr
 .text          0x0000000081005ed4      0x144 binaries/ttycontrol.o
                0x0000000081005ed4                ttycontrol
 .text          0x0000000081006018       0xbc binaries/ttygetc.o
                0x0000000081006018                ttygetc
 .text          0x00000000810060d4      0x4dc binaries/ttyhandle_in.o
                0x00000000810061a0                ttyhandle_in
 .text          0x00000000810065b0      0x194 binaries/ttyhandle_out.o
                0x00000000810065b0                ttyhandle_out
 .text          0x0000000081006744       0xd4 binaries/ttyhandler.o
                0x0000000081006744                ttyhandler
 .text          0x0000000081006818      0x128 binaries/ttyinit.o
                0x0000000081006818                ttyinit
 .text          0x0000000081006940        0xc binaries/ttykickout.o
                0x0000000081006940                ttykickout
 .text          0x000000008100694c       0x94 binaries/ttyputc.o
                0x000000008100694c                ttyputc
 .text          0x00000000810069e0      0x134 binaries/ttyread.o
                0x00000000810069e0                ttyread
 .text          0x0000000081006b14       0x48 binaries/ttywrite.o
                0x0000000081006b14                ttywrite
 .text          0x0000000081006b5c      0x154 binaries/mount.o
                0x0000000081006b5c                namlen
                0x0000000081006bb4                mount
 .text          0x0000000081006cb0      0x1c4 binaries/naminit.o
                0x0000000081006cb0                naminit
 .text          0x0000000081006e74      0x240 binaries/nammap.o
                0x0000000081006e74                namrepl
                0x0000000081006fbc                namcpy
                0x0000000081007018                nammap
 .text          0x00000000810070b4       0x44 binaries/namopen.o
                0x00000000810070b4                namopen
 .text          0x00000000810070f8       0x40 binaries/ethcontrol.o
                0x00000000810070f8                ethcontrol
 .text          0x0000000081007138      0x178 binaries/ethhandler.o
                0x0000000081007138                ethhandler
 .text          0x00000000810072b0      0x7ac binaries/ethinit.o
                0x00000000810072b0                eth_phy_read
                0x0000000081007314                eth_phy_write
                0x000000008100735c                eth_phy_reset
                0x00000000810074b8                ethinit
 .text          0x0000000081007a5c       0xfc binaries/ethread.o
                0x0000000081007a5c                ethread
 .text          0x0000000081007b58      0x118 binaries/ethwrite.o
                0x0000000081007b58                ethwrite
 .text          0x0000000081007c70       0x88 binaries/rdsbufalloc.o
                0x0000000081007c70                rdsbufalloc
 .text          0x0000000081007cf8       0xd0 binaries/rdsclose.o
                0x0000000081007cf8                rdsclose
 .text          0x0000000081007dc8      0x204 binaries/rdscomm.o
                0x0000000081007dc8                rdscomm
 .text          0x0000000081007fcc      0x1c4 binaries/rdscontrol.o
                0x0000000081007fcc                rdscontrol
 .text          0x0000000081008190      0x1c8 binaries/rdsinit.o
                0x0000000081008190                rdsinit
 .text          0x0000000081008358      0x18c binaries/rdsopen.o
                0x0000000081008358                rdsopen
 .text          0x00000000810084e4      0x2cc binaries/rdsprocess.o
                0x00000000810084e4                rdsprocess
 .text          0x00000000810087b0      0x250 binaries/rdsread.o
                0x00000000810087b0                rdsread
 .text          0x0000000081008a00      0x1ec binaries/rdswrite.o
                0x0000000081008a00                rdswrite
 .text          0x0000000081008bec        0x8 binaries/ramclose.o
                0x0000000081008bec                ramclose
 .text          0x0000000081008bf4       0x3c binaries/raminit.o
                0x0000000081008bf4                raminit
 .text          0x0000000081008c30        0x8 binaries/ramopen.o
                0x0000000081008c30                ramopen
 .text          0x0000000081008c38       0x24 binaries/ramread.o
                0x0000000081008c38                ramread
 .text          0x0000000081008c5c       0x20 binaries/ramwrite.o
                0x0000000081008c5c                ramwrite
 .text          0x0000000081008c7c       0x94 binaries/lfdballoc.o
                0x0000000081008c7c                lfdballoc
 .text          0x0000000081008d10       0x48 binaries/lfdbfree.o
                0x0000000081008d10                lfdbfree
 .text          0x0000000081008d58       0xbc binaries/lfflush.o
                0x0000000081008d58                lfflush
 .text          0x0000000081008e14       0xc8 binaries/lfgetmode.o
                0x0000000081008e14                lfgetmode
 .text          0x0000000081008edc       0x6c binaries/lfiballoc.o
                0x0000000081008edc                lfiballoc
 .text          0x0000000081008f48       0x28 binaries/lfibclear.o
                0x0000000081008f48                lfibclear
 .text          0x0000000081008f70       0x68 binaries/lfibget.o
                0x0000000081008f70                lfibget
 .text          0x0000000081008fd8       0x90 binaries/lfibput.o
                0x0000000081008fd8                lfibput
 .text          0x0000000081009068       0xbc binaries/lflclose.o
                0x0000000081009068                lflclose
 .text          0x0000000081009124       0xcc binaries/lflcontrol.o
                0x0000000081009124                lflcontrol
 .text          0x00000000810091f0      0x10c binaries/lflgetc.o
                0x00000000810091f0                lflgetc
 .text          0x00000000810092fc       0xc4 binaries/lflinit.o
                0x00000000810092fc                lflinit
 .text          0x00000000810093c0      0x154 binaries/lflputc.o
                0x00000000810093c0                lflputc
 .text          0x0000000081009514       0x70 binaries/lflread.o
                0x0000000081009514                lflread
 .text          0x0000000081009584       0xc4 binaries/lflseek.o
                0x0000000081009584                lflseek
 .text          0x0000000081009648       0x50 binaries/lflwrite.o
                0x0000000081009648                lflwrite
 .text          0x0000000081009698       0xa0 binaries/lfscheck.o
                0x0000000081009698                lfscheck
 .text          0x0000000081009738      0x144 binaries/lfsckfmt.o
                0x0000000081009738                lfsckfmt
 .text          0x000000008100987c      0x15c binaries/lfscreate.o
                0x000000008100987c                lfscreate
 .text          0x00000000810099d8      0x1f0 binaries/lfsetup.o
                0x00000000810099d8                lfsetup
 .text          0x0000000081009bc8       0x44 binaries/lfsinit.o
                0x0000000081009bc8                lfsinit
 .text          0x0000000081009c0c      0x3a8 binaries/lfsopen.o
                0x0000000081009c0c                lfsopen
 .text          0x0000000081009fb4      0x110 binaries/lftruncate.o
                0x0000000081009fb4                lftruncate
 .text          0x000000008100a0c4       0x80 binaries/rflclose.o
                0x000000008100a0c4                rflclose
 .text          0x000000008100a144       0x28 binaries/rflgetc.o
                0x000000008100a144                rflgetc
 .text          0x000000008100a16c       0x74 binaries/rflinit.o
                0x000000008100a16c                rflinit
 .text          0x000000008100a1e0       0x2c binaries/rflputc.o
                0x000000008100a1e0                rflputc
 .text          0x000000008100a20c      0x2d4 binaries/rflread.o
                0x000000008100a20c                rflread
 .text          0x000000008100a4e0       0x84 binaries/rflseek.o
                0x000000008100a4e0                rflseek
 .text          0x000000008100a564      0x2f0 binaries/rflwrite.o
                0x000000008100a564                rflwrite
 .text          0x000000008100a854      0x194 binaries/rfscomm.o
                0x000000008100a854                rfscomm
 .text          0x000000008100a9e8      0x228 binaries/rfscontrol.o
                0x000000008100a9e8                rfscontrol
 .text          0x000000008100ac10       0xc8 binaries/rfsgetmode.o
                0x000000008100ac10                rfsgetmode
 .text          0x000000008100acd8       0x84 binaries/rfsinit.o
                0x000000008100acd8                rfsinit
 .text          0x000000008100ad5c       0x98 binaries/rfsndmsg.o
                0x000000008100ad5c                rfsndmsg
 .text          0x000000008100adf4      0x23c binaries/rfsopen.o
                0x000000008100adf4                rfsopen
 .text          0x000000008100b030       0x90 binaries/spicontrol.o
                0x000000008100b030                spicontrol
 .text          0x000000008100b0c0       0xa8 binaries/spiinit.o
                0x000000008100b0c0                spiinit
 .text          0x000000008100b168      0x784 binaries/arp.o
                0x000000008100b168                arp_init
                0x000000008100b188                arp_alloc
                0x000000008100b260                arp_ntoh
                0x000000008100b304                arp_hton
                0x000000008100b3a8                arp_resolve
                0x000000008100b650                arp_in
 .text          0x000000008100b8ec      0x68c binaries/dhcp.o
                0x000000008100b8ec                dhcp_get_opt_val
                0x000000008100b948                dhcp_bld_bootp_msg
                0x000000008100ba40                dhcp_bld_disc
                0x000000008100ba94                dhcp_bld_req
                0x000000008100bb50                getlocalip
 .text          0x000000008100bf78      0x4c0 binaries/dns.o
                0x000000008100c058                dnslookup
 .text          0x000000008100c438      0x12c binaries/dot2ip.o
                0x000000008100c438                dot2ip
 .text          0x000000008100c564      0x328 binaries/hexdump.o
                0x000000008100c564                hexdump
                0x000000008100c6b0                hexadump
 .text          0x000000008100c88c      0x738 binaries/icmp.o
                0x000000008100c88c                icmp_init
                0x000000008100c8b0                icmp_register
                0x000000008100c964                icmp_recv
                0x000000008100cb08                icmp_mkpkt
                0x000000008100cbf8                icmp_in
                0x000000008100cd9c                icmp_send
                0x000000008100ce0c                icmp_release
                0x000000008100cf00                icmp_cksum
                0x000000008100cf5c                icmp_hton
                0x000000008100cf90                icmp_ntoh
 .text          0x000000008100cfc4      0x688 binaries/ip.o
                0x000000008100cfc4                ip_local
                0x000000008100cff4                ipcksum
                0x000000008100d038                ip_ntoh
                0x000000008100d0dc                ip_in
                0x000000008100d218                ip_hton
                0x000000008100d2bc                ip_out
                0x000000008100d370                ip_send
                0x000000008100d4a0                ipout
                0x000000008100d5b0                ip_enqueue
 .text          0x000000008100d64c      0x224 binaries/net.o
                0x000000008100d64c                net_init
                0x000000008100d754                eth_hton
                0x000000008100d768                eth_ntoh
                0x000000008100d77c                netin
                0x000000008100d820                getport
 .text          0x000000008100d870      0x9c4 binaries/pdump.o
                0x000000008100d870                pdump
                0x000000008100ddf4                pdumph
 .text          0x000000008100e234      0x554 binaries/tftp.o
                0x000000008100e234                tftp_send1
                0x000000008100e320                tftpget_mb
                0x000000008100e750                tftpget
 .text          0x000000008100e788      0xa40 binaries/udp.o
                0x000000008100e788                udp_init
                0x000000008100e7b0                udp_in
                0x000000008100e8e8                udp_register
                0x000000008100e9e8                udp_recv
                0x000000008100eb8c                udp_recvaddr
                0x000000008100ed4c                udp_send
                0x000000008100eefc                udp_sendto
                0x000000008100f070                udp_release
                0x000000008100f160                udp_ntoh
                0x000000008100f194                udp_hton
 .text          0x000000008100f1c8      0x138 binaries/addargs.o
                0x000000008100f1c8                addargs
 .text          0x000000008100f300      0x290 binaries/lexan.o
                0x000000008100f300                lexan
 .text          0x000000008100f590      0x6a4 binaries/shell.o
                0x000000008100f590                shell
 .text          0x000000008100fc34       0x64 binaries/xsh_argecho.o
                0x000000008100fc34                xsh_argecho
 .text          0x000000008100fc98      0x1c0 binaries/xsh_arp.o
                0x000000008100fc98                xsh_arp
 .text          0x000000008100fe58      0x240 binaries/xsh_cat.o
                0x000000008100fe58                xsh_cat
 .text          0x0000000081010098       0x5c binaries/xsh_clear.o
                0x0000000081010098                xsh_clear
 .text          0x00000000810100f4      0x2b0 binaries/xsh_date.o
                0x00000000810100f4                xsh_date
 .text          0x00000000810103a4       0x9c binaries/xsh_devdump.o
                0x00000000810103a4                xsh_devdump
 .text          0x0000000081010440       0x68 binaries/xsh_echo.o
                0x0000000081010440                xsh_echo
 .text          0x00000000810104a8        0x8 binaries/xsh_exit.o
                0x00000000810104a8                xsh_exit
 .text          0x00000000810104b0      0x3b0 binaries/xsh_help.o
                0x00000000810104b0                xsh_help
 .text          0x0000000081010860      0x214 binaries/xsh_kill.o
                0x0000000081010860                xsh_kill
 .text          0x0000000081010a74      0x480 binaries/xsh_memdump.o
                0x0000000081010b6c                xsh_memdump
 .text          0x0000000081010ef4      0x22c binaries/xsh_memstat.o
                0x0000000081010ef4                xsh_memstat
 .text          0x0000000081011120      0x40c binaries/xsh_netinfo.o
                0x0000000081011120                xsh_netinfo
 .text          0x000000008101152c      0x3d0 binaries/xsh_ping.o
                0x000000008101152c                xsh_ping
 .text          0x00000000810118fc      0x228 binaries/xsh_ps.o
                0x00000000810118fc                xsh_ps
 .text          0x0000000081011b24      0x1ec binaries/xsh_sleep.o
                0x0000000081011b24                xsh_sleep
 .text          0x0000000081011d10      0x24c binaries/xsh_udpdump.o
                0x0000000081011d10                xsh_udpdump
 .text          0x0000000081011f5c      0x428 binaries/xsh_udpecho.o
                0x0000000081011f5c                xsh_udpecho
 .text          0x0000000081012384      0x268 binaries/xsh_udpserver.o
                0x0000000081012384                xsh_udpeserver
 .text          0x00000000810125ec      0x1b8 binaries/xsh_uptime.o
                0x00000000810125ec                xsh_uptime
 .text          0x00000000810127a4       0x2c binaries/ctxsw.o
                0x00000000810127a4                ctxsw
 .text          0x00000000810127d0      0x100 binaries/intr.o
                0x00000000810127d0                disable
                0x00000000810127dc                restore
                0x0000000081012800                enable
                0x0000000081012808                pause
                0x0000000081012808                halt
                0x0000000081012810                irq_except
                0x0000000081012840                initevec
                0x00000000810128a0                expjmpinstr
 .text          0x00000000810128d0      0x114 ../cross_compiler/lib/gcc/arm-none-eabi/4.8.1//libgcc.a(_udivsi3.o)
                0x00000000810128d0                __udivsi3
                0x00000000810128d0                __aeabi_uidiv
                0x00000000810129c4                __aeabi_uidivmod
 .text          0x00000000810129e4      0x148 ../cross_compiler/lib/gcc/arm-none-eabi/4.8.1//libgcc.a(_divsi3.o)
                0x00000000810129e4                __aeabi_idiv
                0x00000000810129e4                __divsi3
                0x0000000081012b0c                __aeabi_idivmod
 .text          0x0000000081012b2c        0x4 ../cross_compiler/lib/gcc/arm-none-eabi/4.8.1//libgcc.a(_dvmd_tls.o)
                0x0000000081012b2c                __aeabi_ldiv0
                0x0000000081012b2c                __aeabi_idiv0
 .text          0x0000000081012b30      0x49c ../cross_compiler/lib/gcc/arm-none-eabi/4.8.1//libgcc.a(_arm_muldivdf3.o)
                0x0000000081012b30                __aeabi_dmul
                0x0000000081012b30                __muldf3
                0x0000000081012dc0                __aeabi_ddiv
                0x0000000081012dc0                __divdf3
 .text          0x0000000081012fcc      0x144 ../cross_compiler/lib/gcc/arm-none-eabi/4.8.1//libgcc.a(_arm_cmpdf2.o)
                0x0000000081012fcc                __gtdf2
                0x0000000081012fcc                __gedf2
                0x0000000081012fd4                __ltdf2
                0x0000000081012fd4                __ledf2
                0x0000000081012fdc                __eqdf2
                0x0000000081012fdc                __nedf2
                0x0000000081012fdc                __cmpdf2
                0x0000000081013064                __aeabi_cdrcmple
                0x0000000081013080                __aeabi_cdcmple
                0x0000000081013080                __aeabi_cdcmpeq
                0x0000000081013098                __aeabi_dcmpeq
                0x00000000810130b0                __aeabi_dcmplt
                0x00000000810130c8                __aeabi_dcmple
                0x00000000810130e0                __aeabi_dcmpge
                0x00000000810130f8                __aeabi_dcmpgt
 .text          0x0000000081013110       0x5c ../cross_compiler/lib/gcc/arm-none-eabi/4.8.1//libgcc.a(_arm_fixdfsi.o)
                0x0000000081013110                __fixdfsi
                0x0000000081013110                __aeabi_d2iz
 *(.rodata .rodata.*)
 .rodata.str1.4
                0x000000008101316c       0x78 binaries/ascdate.o
 .rodata.str1.4
                0x00000000810131e4       0xd9 binaries/conf.o
 *fill*         0x00000000810132bd        0x3 
 .rodata.str1.4
                0x00000000810132c0       0x61 binaries/getutime.o
 *fill*         0x0000000081013321        0x3 
 .rodata.str1.4
                0x0000000081013324      0x188 binaries/initialize.o
                                        0x18c (size before relaxing)
 .rodata        0x00000000810134ac        0x4 binaries/main.o
                0x00000000810134ac                CONSUMED_MAX
 .rodata.str1.4
                0x00000000810134b0       0x5e binaries/main.o
 *fill*         0x000000008101350e        0x2 
 .rodata.str1.4
                0x0000000081013510        0xf binaries/panic.o
 *fill*         0x000000008101351f        0x1 
 .rodata.str1.4
                0x0000000081013520       0x1d binaries/ptinit.o
 *fill*         0x000000008101353d        0x3 
 .rodata.str1.4
                0x0000000081013540       0x25 binaries/ptsend.o
 *fill*         0x0000000081013565        0x3 
 .rodata.str1.4
                0x0000000081013568       0x27 binaries/xdone.o
 *fill*         0x000000008101358f        0x1 
 .rodata        0x0000000081013590       0x81 binaries/ctype_.o
                0x0000000081013590                _ctype_
 *fill*         0x0000000081013611        0x3 
 .rodata.str1.4
                0x0000000081013614       0x2f binaries/doprnt.o
 .rodata.str1.4
                0x0000000081013643       0x2d binaries/fdoprnt.o
 *fill*         0x0000000081013643        0x1 
 .rodata.str1.4
                0x0000000081013644       0x86 binaries/naminit.o
                                         0x8e (size before relaxing)
 *fill*         0x00000000810136ca        0x2 
 .rodata.str1.4
                0x00000000810136cc       0xe6 binaries/ethinit.o
 *fill*         0x00000000810137b2        0x2 
 .rodata.str1.4
                0x00000000810137b4       0x12 binaries/ethread.o
 *fill*         0x00000000810137c6        0x2 
 .rodata.str1.4
                0x00000000810137c8       0x2c binaries/rdsbufalloc.o
 .rodata.str1.4
                0x00000000810137f4       0x76 binaries/rdscomm.o
 *fill*         0x000000008101386a        0x2 
 .rodata.str1.4
                0x000000008101386c       0x48 binaries/rdscontrol.o
 .rodata.str1.4
                0x00000000810138b4       0x96 binaries/rdsinit.o
 *fill*         0x000000008101394a        0x2 
 .rodata.str1.4
                0x000000008101394c       0x22 binaries/rdsopen.o
 *fill*         0x000000008101396e        0x2 
 .rodata.str1.4
                0x0000000081013970       0x4d binaries/rdsprocess.o
 *fill*         0x00000000810139bd        0x3 
 .rodata.str1.4
                0x00000000810139c0        0x9 binaries/raminit.o
 *fill*         0x00000000810139c9        0x3 
 .rodata.str1.4
                0x00000000810139cc       0x37 binaries/lfdballoc.o
 *fill*         0x0000000081013a03        0x1 
 .rodata.str1.4
                0x0000000081013a04       0x14 binaries/lfiballoc.o
 .rodata.str1.4
                0x0000000081013a18       0x23 binaries/lflcontrol.o
 *fill*         0x0000000081013a3b        0x1 
 .rodata.str1.4
                0x0000000081013a3c      0x11f binaries/lfsckfmt.o
 *fill*         0x0000000081013b5b        0x1 
 .rodata.str1.4
                0x0000000081013b5c       0x2a binaries/lfsopen.o
 *fill*         0x0000000081013b86        0x2 
 .rodata.str1.4
                0x0000000081013b88       0x21 binaries/rflread.o
 .rodata.str1.4
                0x0000000081013ba9       0x21 binaries/rflwrite.o
 *fill*         0x0000000081013ba9        0x3 
 .rodata.str1.4
                0x0000000081013bac       0x75 binaries/rfscomm.o
 *fill*         0x0000000081013c21        0x3 
 .rodata.str1.4
                0x0000000081013c24       0x23 binaries/rfscontrol.o
 *fill*         0x0000000081013c47        0x1 
 .rodata.str1.4
                0x0000000081013c48       0x63 binaries/rfsinit.o
 *fill*         0x0000000081013cab        0x1 
 .rodata.str1.4
                0x0000000081013cac       0x2a binaries/rfsndmsg.o
 .rodata.str1.4
                0x0000000081013cd6       0x22 binaries/rfsopen.o
 *fill*         0x0000000081013cd6        0x2 
 .rodata.str1.4
                0x0000000081013cd8       0x3d binaries/arp.o
 *fill*         0x0000000081013d15        0x3 
 .rodata.str1.4
                0x0000000081013d18       0xd3 binaries/dhcp.o
 *fill*         0x0000000081013deb        0x1 
 .rodata.str1.4
                0x0000000081013dec       0x1a binaries/dns.o
 *fill*         0x0000000081013e06        0x2 
 .rodata.str1.4
                0x0000000081013e08       0xca binaries/hexdump.o
                                         0xd6 (size before relaxing)
 *fill*         0x0000000081013ed2        0x2 
 .rodata.str1.4
                0x0000000081013ed4       0x29 binaries/icmp.o
 *fill*         0x0000000081013efd        0x3 
 .rodata.str1.4
                0x0000000081013f00       0x6e binaries/ip.o
 *fill*         0x0000000081013f6e        0x2 
 .rodata.str1.4
                0x0000000081013f70       0x53 binaries/net.o
 *fill*         0x0000000081013fc3        0x1 
 .rodata.str1.4
                0x0000000081013fc4      0x292 binaries/pdump.o
                                        0x296 (size before relaxing)
 *fill*         0x0000000081014256        0x2 
 .rodata.str1.4
                0x0000000081014258      0x154 binaries/tftp.o
                                        0x158 (size before relaxing)
 .rodata        0x00000000810143ac       0xfc binaries/shell.o
                0x00000000810143ac                cmdtab
 .rodata.str1.4
                0x00000000810144a8      0x2e6 binaries/shell.o
                                        0x2ee (size before relaxing)
 *fill*         0x000000008101478e        0x2 
 .rodata.str1.4
                0x0000000081014790       0x29 binaries/xsh_argecho.o
                                         0x2e (size before relaxing)
 *fill*         0x00000000810147b9        0x3 
 .rodata.str1.4
                0x00000000810147bc      0x13e binaries/xsh_arp.o
                                        0x142 (size before relaxing)
 *fill*         0x00000000810148fa        0x2 
 .rodata.str1.4
                0x00000000810148fc       0x81 binaries/xsh_cat.o
                                         0xd1 (size before relaxing)
 *fill*         0x000000008101497d        0x3 
 .rodata.str1.4
                0x0000000081014980       0x19 binaries/xsh_clear.o
 *fill*         0x0000000081014999        0x3 
 .rodata.str1.4
                0x000000008101499c      0x1af binaries/xsh_date.o
                                        0x1cb (size before relaxing)
 *fill*         0x0000000081014b4b        0x1 
 .rodata.str1.4
                0x0000000081014b4c       0x61 binaries/xsh_devdump.o
 *fill*         0x0000000081014bad        0x3 
 .rodata.str1.4
                0x0000000081014bb0        0x8 binaries/xsh_echo.o
                                          0xa (size before relaxing)
 .rodata.str1.4
                0x0000000081014bb8       0xe7 binaries/xsh_help.o
                                        0x17a (size before relaxing)
 *fill*         0x0000000081014c9f        0x1 
 .rodata.str1.4
                0x0000000081014ca0       0xc8 binaries/xsh_kill.o
                                        0x136 (size before relaxing)
 .rodata.str1.4
                0x0000000081014d68      0x226 binaries/xsh_memdump.o
                                        0x27a (size before relaxing)
 *fill*         0x0000000081014f8e        0x2 
 .rodata.str1.4
                0x0000000081014f90      0x1cc binaries/xsh_memstat.o
                                        0x232 (size before relaxing)
 .rodata.str1.4
                0x000000008101515c      0x10f binaries/xsh_netinfo.o
                                        0x1cb (size before relaxing)
 *fill*         0x000000008101526b        0x1 
 .rodata.str1.4
                0x000000008101526c      0x13f binaries/xsh_ping.o
                                        0x1b2 (size before relaxing)
 *fill*         0x00000000810153ab        0x1 
 .rodata        0x00000000810153ac       0x20 binaries/xsh_ps.o
 .rodata.str1.4
                0x00000000810153cc      0x11a binaries/xsh_ps.o
                                        0x1d2 (size before relaxing)
 *fill*         0x00000000810154e6        0x2 
 .rodata.str1.4
                0x00000000810154e8       0x5e binaries/xsh_sleep.o
                                         0xf6 (size before relaxing)
 *fill*         0x0000000081015546        0x2 
 .rodata        0x0000000081015548        0xc binaries/xsh_udpdump.o
 .rodata.str1.4
                0x0000000081015554      0x122 binaries/xsh_udpdump.o
                                        0x1de (size before relaxing)
 *fill*         0x0000000081015676        0x2 
 .rodata.str1.4
                0x0000000081015678      0x1ae binaries/xsh_udpecho.o
                                        0x222 (size before relaxing)
 *fill*         0x0000000081015826        0x2 
 .rodata.str1.4
                0x0000000081015828       0x97 binaries/xsh_udpserver.o
                                        0x13b (size before relaxing)
 *fill*         0x00000000810158bf        0x1 
 .rodata.str1.4
                0x00000000810158c0       0x78 binaries/xsh_uptime.o
                                        0x112 (size before relaxing)
                0x0000000081015938                etext = ABSOLUTE (.)
                0x0000000081016000                . = ALIGN (0x1000)
 *fill*         0x0000000081015938      0x6c8 

.glue_7         0x0000000081016000        0x0
 .glue_7        0x0000000081016000        0x0 linker stubs

.glue_7t        0x0000000081016000        0x0
 .glue_7t       0x0000000081016000        0x0 linker stubs

.vfp11_veneer   0x0000000081016000        0x0
 .vfp11_veneer  0x0000000081016000        0x0 linker stubs

.v4_bx          0x0000000081016000        0x0
 .v4_bx         0x0000000081016000        0x0 linker stubs

.iplt           0x0000000081016000        0x0
 .iplt          0x0000000081016000        0x0 binaries/start.o

.rel.dyn        0x0000000081016000        0x0
 .rel.iplt      0x0000000081016000        0x0 binaries/start.o

.data           0x0000000081016000     0x1000
                0x0000000081016000                data = ABSOLUTE (.)
 *(.data .data.*)
 .data          0x0000000081016000        0x0 binaries/start.o
 .data          0x0000000081016000       0x88 binaries/ascdate.o
                0x0000000081016000                Date
 .data          0x0000000081016088        0x0 binaries/bufinit.o
 .data          0x0000000081016088        0x0 binaries/chprio.o
 .data          0x0000000081016088        0x4 binaries/clkhandler.o
 .data          0x000000008101608c        0x0 binaries/clkinit.o
 .data          0x000000008101608c        0x0 binaries/close.o
 .data          0x000000008101608c      0x618 binaries/conf.o
                0x000000008101608c                devtab
 .data          0x00000000810166a4        0x0 binaries/control.o
 .data          0x00000000810166a4        0x4 binaries/create.o
 .data          0x00000000810166a8       0x3d binaries/evec.o
                0x00000000810166a8                expmsg2
                0x00000000810166bc                expmsg1
 .data          0x00000000810166e5        0x0 binaries/exit.o
 .data          0x00000000810166e5        0x0 binaries/freebuf.o
 .data          0x00000000810166e5        0x0 binaries/freemem.o
 .data          0x00000000810166e5        0x0 binaries/getbuf.o
 .data          0x00000000810166e5        0x0 binaries/getc.o
 .data          0x00000000810166e5        0x0 binaries/getdev.o
 .data          0x00000000810166e5        0x0 binaries/getitem.o
 .data          0x00000000810166e5        0x0 binaries/getmem.o
 .data          0x00000000810166e5        0x0 binaries/getpid.o
 .data          0x00000000810166e5        0x0 binaries/getprio.o
 .data          0x00000000810166e5        0x0 binaries/getstk.o
 .data          0x00000000810166e5        0x0 binaries/getticks.o
 .data          0x00000000810166e5        0x0 binaries/gettime.o
 .data          0x00000000810166e5        0x0 binaries/getutime.o
 .data          0x00000000810166e5        0x0 binaries/init.o
 .data          0x00000000810166e5        0x0 binaries/initialize.o
 .data          0x00000000810166e5        0x0 binaries/insert.o
 .data          0x00000000810166e5        0x0 binaries/insertd.o
 .data          0x00000000810166e5        0x0 binaries/ioerr.o
 .data          0x00000000810166e5        0x0 binaries/ionull.o
 .data          0x00000000810166e5        0x0 binaries/kill.o
 .data          0x00000000810166e5        0x0 binaries/kprintf.o
 .data          0x00000000810166e5        0x0 binaries/main.o
 .data          0x00000000810166e5        0x0 binaries/mark.o
 .data          0x00000000810166e5        0x0 binaries/meminit.o
 .data          0x00000000810166e5        0x0 binaries/mkbufpool.o
 *fill*         0x00000000810166e5        0x1 
 .data          0x00000000810166e6        0x2 binaries/newqueue.o
 .data          0x00000000810166e8        0x0 binaries/open.o
 .data          0x00000000810166e8        0x0 binaries/panic.o
 .data          0x00000000810166e8        0x0 binaries/platinit.o
 .data          0x00000000810166e8        0x0 binaries/ptclear.o
 .data          0x00000000810166e8        0x0 binaries/ptcount.o
 .data          0x00000000810166e8        0x0 binaries/ptcreate.o
 .data          0x00000000810166e8        0x0 binaries/ptdelete.o
 .data          0x00000000810166e8        0x0 binaries/ptinit.o
 .data          0x00000000810166e8        0x0 binaries/ptrecv.o
 .data          0x00000000810166e8        0x0 binaries/ptreset.o
 .data          0x00000000810166e8        0x0 binaries/ptsend.o
 .data          0x00000000810166e8        0x0 binaries/putc.o
 .data          0x00000000810166e8        0x0 binaries/queue.o
 .data          0x00000000810166e8        0x0 binaries/read.o
 .data          0x00000000810166e8        0x0 binaries/ready.o
 .data          0x00000000810166e8        0x0 binaries/receive.o
 .data          0x00000000810166e8        0x0 binaries/recvclr.o
 .data          0x00000000810166e8        0x0 binaries/recvtime.o
 .data          0x00000000810166e8        0x0 binaries/resched.o
 .data          0x00000000810166e8        0x0 binaries/resume.o
 .data          0x00000000810166e8        0x0 binaries/seek.o
 .data          0x00000000810166e8        0x0 binaries/semcount.o
 .data          0x00000000810166e8        0x0 binaries/semcreate.o
 .data          0x00000000810166e8        0x0 binaries/semdelete.o
 .data          0x00000000810166e8        0x0 binaries/semreset.o
 .data          0x00000000810166e8        0x0 binaries/send.o
 .data          0x00000000810166e8        0x0 binaries/signal.o
 .data          0x00000000810166e8        0x0 binaries/signaln.o
 .data          0x00000000810166e8        0x0 binaries/sleep.o
 .data          0x00000000810166e8        0x0 binaries/suspend.o
 .data          0x00000000810166e8        0x0 binaries/unsleep.o
 .data          0x00000000810166e8        0x0 binaries/userret.o
 .data          0x00000000810166e8        0x0 binaries/wait.o
 .data          0x00000000810166e8        0x0 binaries/wakeup.o
 .data          0x00000000810166e8        0x0 binaries/write.o
 .data          0x00000000810166e8        0x0 binaries/xdone.o
 .data          0x00000000810166e8        0x0 binaries/yield.o
 .data          0x00000000810166e8        0x0 binaries/abs.o
 .data          0x00000000810166e8        0x0 binaries/atoi.o
 .data          0x00000000810166e8        0x0 binaries/atol.o
 .data          0x00000000810166e8        0x0 binaries/bzero.o
 .data          0x00000000810166e8        0x0 binaries/ctype_.o
 .data          0x00000000810166e8        0x0 binaries/doprnt.o
 .data          0x00000000810166e8       0x80 binaries/doscan.o
                0x00000000810166e8                _sctab
 .data          0x0000000081016768        0x0 binaries/fdoprnt.o
 .data          0x0000000081016768        0x0 binaries/fgetc.o
 .data          0x0000000081016768        0x0 binaries/fgets.o
 .data          0x0000000081016768        0x0 binaries/fprintf.o
 .data          0x0000000081016768        0x0 binaries/fputc.o
 .data          0x0000000081016768        0x0 binaries/fputs.o
 .data          0x0000000081016768        0x0 binaries/fscanf.o
 .data          0x0000000081016768        0x0 binaries/getchar.o
 .data          0x0000000081016768        0x0 binaries/labs.o
 .data          0x0000000081016768        0x0 binaries/memchr.o
 .data          0x0000000081016768        0x0 binaries/memcmp.o
 .data          0x0000000081016768        0x0 binaries/memcpy.o
 .data          0x0000000081016768        0x0 binaries/memset.o
 .data          0x0000000081016768        0x0 binaries/printf.o
 .data          0x0000000081016768        0x0 binaries/putchar.o
 .data          0x0000000081016768        0x0 binaries/qsort.o
 .data          0x0000000081016768        0x4 binaries/rand.o
 .data          0x000000008101676c        0x0 binaries/sprintf.o
 .data          0x000000008101676c        0x0 binaries/sscanf.o
 .data          0x000000008101676c        0x0 binaries/strchr.o
 .data          0x000000008101676c        0x0 binaries/strcmp.o
 .data          0x000000008101676c        0x0 binaries/strcpy.o
 .data          0x000000008101676c        0x0 binaries/strlen.o
 .data          0x000000008101676c        0x0 binaries/strncat.o
 .data          0x000000008101676c        0x0 binaries/strncmp.o
 .data          0x000000008101676c        0x0 binaries/strncpy.o
 .data          0x000000008101676c        0x0 binaries/strnlen.o
 .data          0x000000008101676c        0x0 binaries/strrchr.o
 .data          0x000000008101676c        0x0 binaries/strstr.o
 .data          0x000000008101676c        0x0 binaries/ttycontrol.o
 .data          0x000000008101676c        0x0 binaries/ttygetc.o
 .data          0x000000008101676c        0x0 binaries/ttyhandle_in.o
 .data          0x000000008101676c        0x0 binaries/ttyhandle_out.o
 .data          0x000000008101676c        0x0 binaries/ttyhandler.o
 .data          0x000000008101676c        0x0 binaries/ttyinit.o
 .data          0x000000008101676c        0x0 binaries/ttykickout.o
 .data          0x000000008101676c        0x0 binaries/ttyputc.o
 .data          0x000000008101676c        0x0 binaries/ttyread.o
 .data          0x000000008101676c        0x0 binaries/ttywrite.o
 .data          0x000000008101676c        0x0 binaries/mount.o
 .data          0x000000008101676c        0x0 binaries/naminit.o
 .data          0x000000008101676c        0x0 binaries/nammap.o
 .data          0x000000008101676c        0x0 binaries/namopen.o
 .data          0x000000008101676c        0x0 binaries/ethcontrol.o
 .data          0x000000008101676c        0x0 binaries/ethhandler.o
 .data          0x000000008101676c        0x0 binaries/ethinit.o
 .data          0x000000008101676c        0x0 binaries/ethread.o
 .data          0x000000008101676c        0x0 binaries/ethwrite.o
 .data          0x000000008101676c        0x0 binaries/rdsbufalloc.o
 .data          0x000000008101676c        0x0 binaries/rdsclose.o
 .data          0x000000008101676c        0x0 binaries/rdscomm.o
 .data          0x000000008101676c        0x0 binaries/rdscontrol.o
 .data          0x000000008101676c        0x0 binaries/rdsinit.o
 .data          0x000000008101676c        0x0 binaries/rdsopen.o
 .data          0x000000008101676c        0x0 binaries/rdsprocess.o
 .data          0x000000008101676c        0x0 binaries/rdsread.o
 .data          0x000000008101676c        0x0 binaries/rdswrite.o
 .data          0x000000008101676c        0x0 binaries/ramclose.o
 .data          0x000000008101676c        0x0 binaries/raminit.o
 .data          0x000000008101676c        0x0 binaries/ramopen.o
 .data          0x000000008101676c        0x0 binaries/ramread.o
 .data          0x000000008101676c        0x0 binaries/ramwrite.o
 .data          0x000000008101676c        0x0 binaries/lfdballoc.o
 .data          0x000000008101676c        0x0 binaries/lfdbfree.o
 .data          0x000000008101676c        0x0 binaries/lfflush.o
 .data          0x000000008101676c        0x0 binaries/lfgetmode.o
 .data          0x000000008101676c        0x0 binaries/lfiballoc.o
 .data          0x000000008101676c        0x0 binaries/lfibclear.o
 .data          0x000000008101676c        0x0 binaries/lfibget.o
 .data          0x000000008101676c        0x0 binaries/lfibput.o
 .data          0x000000008101676c        0x0 binaries/lflclose.o
 .data          0x000000008101676c        0x0 binaries/lflcontrol.o
 .data          0x000000008101676c        0x0 binaries/lflgetc.o
 .data          0x000000008101676c        0x0 binaries/lflinit.o
 .data          0x000000008101676c        0x0 binaries/lflputc.o
 .data          0x000000008101676c        0x0 binaries/lflread.o
 .data          0x000000008101676c        0x0 binaries/lflseek.o
 .data          0x000000008101676c        0x0 binaries/lflwrite.o
 .data          0x000000008101676c        0x0 binaries/lfscheck.o
 .data          0x000000008101676c        0x0 binaries/lfsckfmt.o
 .data          0x000000008101676c        0x0 binaries/lfscreate.o
 .data          0x000000008101676c        0x0 binaries/lfsetup.o
 .data          0x000000008101676c        0x0 binaries/lfsinit.o
 .data          0x000000008101676c        0x0 binaries/lfsopen.o
 .data          0x000000008101676c        0x0 binaries/lftruncate.o
 .data          0x000000008101676c        0x0 binaries/rflclose.o
 .data          0x000000008101676c        0x0 binaries/rflgetc.o
 .data          0x000000008101676c        0x0 binaries/rflinit.o
 .data          0x000000008101676c        0x0 binaries/rflputc.o
 .data          0x000000008101676c        0x0 binaries/rflread.o
 .data          0x000000008101676c        0x0 binaries/rflseek.o
 .data          0x000000008101676c        0x0 binaries/rflwrite.o
 .data          0x000000008101676c        0x0 binaries/rfscomm.o
 .data          0x000000008101676c        0x0 binaries/rfscontrol.o
 .data          0x000000008101676c        0x0 binaries/rfsgetmode.o
 .data          0x000000008101676c        0x0 binaries/rfsinit.o
 .data          0x000000008101676c        0x0 binaries/rfsndmsg.o
 .data          0x000000008101676c        0x0 binaries/rfsopen.o
 .data          0x000000008101676c        0x0 binaries/spicontrol.o
 .data          0x000000008101676c        0x0 binaries/spiinit.o
 .data          0x000000008101676c        0x0 binaries/arp.o
 .data          0x000000008101676c        0x0 binaries/dhcp.o
 .data          0x000000008101676c        0x0 binaries/dns.o
 .data          0x000000008101676c        0x0 binaries/dot2ip.o
 .data          0x000000008101676c        0x0 binaries/hexdump.o
 .data          0x000000008101676c        0x4 binaries/icmp.o
 .data          0x0000000081016770        0x0 binaries/ip.o
 .data          0x0000000081016770        0x0 binaries/net.o
 .data          0x0000000081016770        0x0 binaries/pdump.o
 .data          0x0000000081016770        0x0 binaries/tftp.o
 .data          0x0000000081016770        0x4 binaries/udp.o
 .data          0x0000000081016774        0x0 binaries/addargs.o
 .data          0x0000000081016774        0x0 binaries/lexan.o
 .data          0x0000000081016774        0x4 binaries/shell.o
                0x0000000081016774                ncmd
 .data          0x0000000081016778        0x0 binaries/xsh_argecho.o
 .data          0x0000000081016778        0x0 binaries/xsh_arp.o
 .data          0x0000000081016778        0x0 binaries/xsh_cat.o
 .data          0x0000000081016778        0x0 binaries/xsh_clear.o
 .data          0x0000000081016778        0x0 binaries/xsh_date.o
 .data          0x0000000081016778        0x0 binaries/xsh_devdump.o
 .data          0x0000000081016778        0x0 binaries/xsh_echo.o
 .data          0x0000000081016778        0x0 binaries/xsh_exit.o
 .data          0x0000000081016778        0x0 binaries/xsh_help.o
 .data          0x0000000081016778        0x0 binaries/xsh_kill.o
 .data          0x0000000081016778        0x0 binaries/xsh_memdump.o
 .data          0x0000000081016778        0x0 binaries/xsh_memstat.o
 .data          0x0000000081016778        0x0 binaries/xsh_netinfo.o
 .data          0x0000000081016778        0x0 binaries/xsh_ping.o
 .data          0x0000000081016778        0x0 binaries/xsh_ps.o
 .data          0x0000000081016778        0x0 binaries/xsh_sleep.o
 .data          0x0000000081016778        0x0 binaries/xsh_udpdump.o
 .data          0x0000000081016778        0x0 binaries/xsh_udpecho.o
 .data          0x0000000081016778        0x0 binaries/xsh_udpserver.o
 .data          0x0000000081016778        0x0 binaries/xsh_uptime.o
 .data          0x0000000081016778        0x0 binaries/ctxsw.o
 .data          0x0000000081016778        0x0 binaries/intr.o
 .data          0x0000000081016778        0x0 ../cross_compiler/lib/gcc/arm-none-eabi/4.8.1//libgcc.a(_udivsi3.o)
 .data          0x0000000081016778        0x0 ../cross_compiler/lib/gcc/arm-none-eabi/4.8.1//libgcc.a(_divsi3.o)
 .data          0x0000000081016778        0x0 ../cross_compiler/lib/gcc/arm-none-eabi/4.8.1//libgcc.a(_dvmd_tls.o)
 .data          0x0000000081016778        0x0 ../cross_compiler/lib/gcc/arm-none-eabi/4.8.1//libgcc.a(_arm_muldivdf3.o)
 .data          0x0000000081016778        0x0 ../cross_compiler/lib/gcc/arm-none-eabi/4.8.1//libgcc.a(_arm_cmpdf2.o)
 .data          0x0000000081016778        0x0 ../cross_compiler/lib/gcc/arm-none-eabi/4.8.1//libgcc.a(_arm_fixdfsi.o)
                0x0000000081016778                edata = ABSOLUTE (.)
                0x0000000081017000                . = ALIGN (0x1000)
 *fill*         0x0000000081016778      0x888 

.igot.plt       0x0000000081017000        0x0
 .igot.plt      0x0000000081017000        0x0 binaries/start.o

.bss            0x0000000081017000    0x20000
                0x0000000081017000                bss = ABSOLUTE (.)
 *(.bss .bss.*)
 .bss           0x0000000081017000        0x0 binaries/start.o
 .bss           0x0000000081017000        0x0 binaries/ascdate.o
 .bss           0x0000000081017000        0x0 binaries/bufinit.o
 .bss           0x0000000081017000        0x0 binaries/chprio.o
 .bss           0x0000000081017000        0x0 binaries/clkhandler.o
 .bss           0x0000000081017000        0x4 binaries/clkinit.o
                0x0000000081017000                ctr1000
 .bss           0x0000000081017004        0x0 binaries/close.o
 .bss           0x0000000081017004        0x0 binaries/conf.o
 .bss           0x0000000081017004        0x0 binaries/control.o
 .bss           0x0000000081017004        0x0 binaries/create.o
 .bss           0x0000000081017004        0x0 binaries/evec.o
 .bss           0x0000000081017004        0x0 binaries/exit.o
 .bss           0x0000000081017004        0x0 binaries/freebuf.o
 .bss           0x0000000081017004        0x0 binaries/freemem.o
 .bss           0x0000000081017004        0x0 binaries/getbuf.o
 .bss           0x0000000081017004        0x0 binaries/getc.o
 .bss           0x0000000081017004        0x0 binaries/getdev.o
 .bss           0x0000000081017004        0x0 binaries/getitem.o
 .bss           0x0000000081017004        0x0 binaries/getmem.o
 .bss           0x0000000081017004        0x0 binaries/getpid.o
 .bss           0x0000000081017004        0x0 binaries/getprio.o
 .bss           0x0000000081017004        0x0 binaries/getstk.o
 .bss           0x0000000081017004        0x0 binaries/getticks.o
 .bss           0x0000000081017004        0x0 binaries/gettime.o
 .bss           0x0000000081017004        0x0 binaries/getutime.o
 .bss           0x0000000081017004        0x0 binaries/init.o
 .bss           0x0000000081017004        0x0 binaries/initialize.o
 .bss           0x0000000081017004        0x0 binaries/insert.o
 .bss           0x0000000081017004        0x0 binaries/insertd.o
 .bss           0x0000000081017004        0x0 binaries/ioerr.o
 .bss           0x0000000081017004        0x0 binaries/ionull.o
 .bss           0x0000000081017004        0x0 binaries/kill.o
 .bss           0x0000000081017004        0x0 binaries/kprintf.o
 .bss           0x0000000081017004        0x4 binaries/main.o
                0x0000000081017004                consumed_count
 .bss           0x0000000081017008        0x0 binaries/mark.o
 .bss           0x0000000081017008        0x0 binaries/meminit.o
 .bss           0x0000000081017008        0x0 binaries/mkbufpool.o
 .bss           0x0000000081017008        0x0 binaries/newqueue.o
 .bss           0x0000000081017008        0x0 binaries/open.o
 .bss           0x0000000081017008        0x0 binaries/panic.o
 .bss           0x0000000081017008        0x0 binaries/platinit.o
 .bss           0x0000000081017008        0x0 binaries/ptclear.o
 .bss           0x0000000081017008        0x0 binaries/ptcount.o
 .bss           0x0000000081017008        0x0 binaries/ptcreate.o
 .bss           0x0000000081017008        0x0 binaries/ptdelete.o
 .bss           0x0000000081017008        0x0 binaries/ptinit.o
 .bss           0x0000000081017008        0x0 binaries/ptrecv.o
 .bss           0x0000000081017008        0x0 binaries/ptreset.o
 .bss           0x0000000081017008        0x0 binaries/ptsend.o
 .bss           0x0000000081017008        0x0 binaries/putc.o
 .bss           0x0000000081017008        0x0 binaries/queue.o
 .bss           0x0000000081017008        0x0 binaries/read.o
 .bss           0x0000000081017008        0x0 binaries/ready.o
 .bss           0x0000000081017008        0x0 binaries/receive.o
 .bss           0x0000000081017008        0x0 binaries/recvclr.o
 .bss           0x0000000081017008        0x0 binaries/recvtime.o
 .bss           0x0000000081017008        0x0 binaries/resched.o
 .bss           0x0000000081017008        0x0 binaries/resume.o
 .bss           0x0000000081017008        0x0 binaries/seek.o
 .bss           0x0000000081017008        0x0 binaries/semcount.o
 .bss           0x0000000081017008        0x4 binaries/semcreate.o
 .bss           0x000000008101700c        0x0 binaries/semdelete.o
 .bss           0x000000008101700c        0x0 binaries/semreset.o
 .bss           0x000000008101700c        0x0 binaries/send.o
 .bss           0x000000008101700c        0x0 binaries/signal.o
 .bss           0x000000008101700c        0x0 binaries/signaln.o
 .bss           0x000000008101700c        0x0 binaries/sleep.o
 .bss           0x000000008101700c        0x0 binaries/suspend.o
 .bss           0x000000008101700c        0x0 binaries/unsleep.o
 .bss           0x000000008101700c        0x0 binaries/userret.o
 .bss           0x000000008101700c        0x0 binaries/wait.o
 .bss           0x000000008101700c        0x0 binaries/wakeup.o
 .bss           0x000000008101700c        0x0 binaries/write.o
 .bss           0x000000008101700c        0x0 binaries/xdone.o
 .bss           0x000000008101700c        0x0 binaries/yield.o
 .bss           0x000000008101700c        0x0 binaries/abs.o
 .bss           0x000000008101700c        0x0 binaries/atoi.o
 .bss           0x000000008101700c        0x0 binaries/atol.o
 .bss           0x000000008101700c        0x0 binaries/bzero.o
 .bss           0x000000008101700c        0x0 binaries/ctype_.o
 .bss           0x000000008101700c        0x0 binaries/doprnt.o
 .bss           0x000000008101700c        0x0 binaries/doscan.o
 .bss           0x000000008101700c        0x0 binaries/fdoprnt.o
 .bss           0x000000008101700c        0x0 binaries/fgetc.o
 .bss           0x000000008101700c        0x0 binaries/fgets.o
 .bss           0x000000008101700c        0x0 binaries/fprintf.o
 .bss           0x000000008101700c        0x0 binaries/fputc.o
 .bss           0x000000008101700c        0x0 binaries/fputs.o
 .bss           0x000000008101700c        0x0 binaries/fscanf.o
 .bss           0x000000008101700c        0x0 binaries/getchar.o
 .bss           0x000000008101700c        0x0 binaries/labs.o
 .bss           0x000000008101700c        0x0 binaries/memchr.o
 .bss           0x000000008101700c        0x0 binaries/memcmp.o
 .bss           0x000000008101700c        0x0 binaries/memcpy.o
 .bss           0x000000008101700c        0x0 binaries/memset.o
 .bss           0x000000008101700c        0x0 binaries/printf.o
 .bss           0x000000008101700c        0x0 binaries/putchar.o
 .bss           0x000000008101700c        0x8 binaries/qsort.o
 .bss           0x0000000081017014        0x0 binaries/rand.o
 .bss           0x0000000081017014        0x0 binaries/sprintf.o
 .bss           0x0000000081017014        0x0 binaries/sscanf.o
 .bss           0x0000000081017014        0x0 binaries/strchr.o
 .bss           0x0000000081017014        0x0 binaries/strcmp.o
 .bss           0x0000000081017014        0x0 binaries/strcpy.o
 .bss           0x0000000081017014        0x0 binaries/strlen.o
 .bss           0x0000000081017014        0x0 binaries/strncat.o
 .bss           0x0000000081017014        0x0 binaries/strncmp.o
 .bss           0x0000000081017014        0x0 binaries/strncpy.o
 .bss           0x0000000081017014        0x0 binaries/strnlen.o
 .bss           0x0000000081017014        0x0 binaries/strrchr.o
 .bss           0x0000000081017014        0x0 binaries/strstr.o
 .bss           0x0000000081017014        0x0 binaries/ttycontrol.o
 .bss           0x0000000081017014        0x0 binaries/ttygetc.o
 .bss           0x0000000081017014        0x0 binaries/ttyhandle_in.o
 .bss           0x0000000081017014        0x0 binaries/ttyhandle_out.o
 .bss           0x0000000081017014        0x0 binaries/ttyhandler.o
 .bss           0x0000000081017014        0x0 binaries/ttyinit.o
 .bss           0x0000000081017014        0x0 binaries/ttykickout.o
 .bss           0x0000000081017014        0x0 binaries/ttyputc.o
 .bss           0x0000000081017014        0x0 binaries/ttyread.o
 .bss           0x0000000081017014        0x0 binaries/ttywrite.o
 .bss           0x0000000081017014        0x0 binaries/mount.o
 .bss           0x0000000081017014        0x0 binaries/naminit.o
 .bss           0x0000000081017014        0x0 binaries/nammap.o
 .bss           0x0000000081017014        0x0 binaries/namopen.o
 .bss           0x0000000081017014        0x0 binaries/ethcontrol.o
 .bss           0x0000000081017014        0x0 binaries/ethhandler.o
 .bss           0x0000000081017014        0x0 binaries/ethinit.o
 .bss           0x0000000081017014        0x0 binaries/ethread.o
 .bss           0x0000000081017014        0x0 binaries/ethwrite.o
 .bss           0x0000000081017014        0x0 binaries/rdsbufalloc.o
 .bss           0x0000000081017014        0x0 binaries/rdsclose.o
 .bss           0x0000000081017014        0x0 binaries/rdscomm.o
 .bss           0x0000000081017014        0x0 binaries/rdscontrol.o
 .bss           0x0000000081017014        0x0 binaries/rdsinit.o
 .bss           0x0000000081017014        0x0 binaries/rdsopen.o
 .bss           0x0000000081017014        0x0 binaries/rdsprocess.o
 .bss           0x0000000081017014        0x0 binaries/rdsread.o
 .bss           0x0000000081017014        0x0 binaries/rdswrite.o
 .bss           0x0000000081017014        0x0 binaries/ramclose.o
 .bss           0x0000000081017014        0x0 binaries/raminit.o
 .bss           0x0000000081017014        0x0 binaries/ramopen.o
 .bss           0x0000000081017014        0x0 binaries/ramread.o
 .bss           0x0000000081017014        0x0 binaries/ramwrite.o
 .bss           0x0000000081017014        0x0 binaries/lfdballoc.o
 .bss           0x0000000081017014        0x0 binaries/lfdbfree.o
 .bss           0x0000000081017014        0x0 binaries/lfflush.o
 .bss           0x0000000081017014        0x0 binaries/lfgetmode.o
 .bss           0x0000000081017014        0x0 binaries/lfiballoc.o
 .bss           0x0000000081017014        0x0 binaries/lfibclear.o
 .bss           0x0000000081017014        0x0 binaries/lfibget.o
 .bss           0x0000000081017014        0x0 binaries/lfibput.o
 .bss           0x0000000081017014        0x0 binaries/lflclose.o
 .bss           0x0000000081017014        0x0 binaries/lflcontrol.o
 .bss           0x0000000081017014        0x0 binaries/lflgetc.o
 .bss           0x0000000081017014        0x0 binaries/lflinit.o
 .bss           0x0000000081017014        0x0 binaries/lflputc.o
 .bss           0x0000000081017014        0x0 binaries/lflread.o
 .bss           0x0000000081017014        0x0 binaries/lflseek.o
 .bss           0x0000000081017014        0x0 binaries/lflwrite.o
 .bss           0x0000000081017014        0x0 binaries/lfscheck.o
 .bss           0x0000000081017014        0x0 binaries/lfsckfmt.o
 .bss           0x0000000081017014        0x0 binaries/lfscreate.o
 .bss           0x0000000081017014        0x0 binaries/lfsetup.o
 .bss           0x0000000081017014        0x0 binaries/lfsinit.o
 .bss           0x0000000081017014        0x0 binaries/lfsopen.o
 .bss           0x0000000081017014        0x0 binaries/lftruncate.o
 .bss           0x0000000081017014        0x0 binaries/rflclose.o
 .bss           0x0000000081017014        0x0 binaries/rflgetc.o
 .bss           0x0000000081017014        0x0 binaries/rflinit.o
 .bss           0x0000000081017014        0x0 binaries/rflputc.o
 .bss           0x0000000081017014        0x0 binaries/rflread.o
 .bss           0x0000000081017014        0x0 binaries/rflseek.o
 .bss           0x0000000081017014        0x0 binaries/rflwrite.o
 .bss           0x0000000081017014        0x0 binaries/rfscomm.o
 .bss           0x0000000081017014        0x0 binaries/rfscontrol.o
 .bss           0x0000000081017014        0x0 binaries/rfsgetmode.o
 .bss           0x0000000081017014        0x0 binaries/rfsinit.o
 .bss           0x0000000081017014        0x0 binaries/rfsndmsg.o
 .bss           0x0000000081017014        0x0 binaries/rfsopen.o
 .bss           0x0000000081017014        0x0 binaries/spicontrol.o
 .bss           0x0000000081017014        0x0 binaries/spiinit.o
 .bss           0x0000000081017014        0x0 binaries/arp.o
 .bss           0x0000000081017014        0x0 binaries/dhcp.o
 .bss           0x0000000081017014        0x0 binaries/dns.o
 .bss           0x0000000081017014        0x0 binaries/dot2ip.o
 .bss           0x0000000081017014        0x0 binaries/hexdump.o
 .bss           0x0000000081017014        0x0 binaries/icmp.o
 .bss           0x0000000081017014        0x0 binaries/ip.o
 .bss           0x0000000081017014        0x0 binaries/net.o
 .bss           0x0000000081017014        0x0 binaries/pdump.o
 .bss           0x0000000081017014        0x0 binaries/tftp.o
 .bss           0x0000000081017014        0x0 binaries/udp.o
 .bss           0x0000000081017014        0x0 binaries/addargs.o
 .bss           0x0000000081017014        0x0 binaries/lexan.o
 .bss           0x0000000081017014        0x0 binaries/shell.o
 .bss           0x0000000081017014        0x0 binaries/xsh_argecho.o
 .bss           0x0000000081017014        0x0 binaries/xsh_arp.o
 .bss           0x0000000081017014        0x0 binaries/xsh_cat.o
 .bss           0x0000000081017014        0x0 binaries/xsh_clear.o
 .bss           0x0000000081017014        0x0 binaries/xsh_date.o
 .bss           0x0000000081017014        0x0 binaries/xsh_devdump.o
 .bss           0x0000000081017014        0x0 binaries/xsh_echo.o
 .bss           0x0000000081017014        0x0 binaries/xsh_exit.o
 .bss           0x0000000081017014        0x0 binaries/xsh_help.o
 .bss           0x0000000081017014        0x0 binaries/xsh_kill.o
 .bss           0x0000000081017014        0x0 binaries/xsh_memdump.o
 .bss           0x0000000081017014        0x0 binaries/xsh_memstat.o
 .bss           0x0000000081017014        0x0 binaries/xsh_netinfo.o
 .bss           0x0000000081017014        0x4 binaries/xsh_ping.o
 .bss           0x0000000081017018        0x0 binaries/xsh_ps.o
 .bss           0x0000000081017018        0x0 binaries/xsh_sleep.o
 .bss           0x0000000081017018        0x0 binaries/xsh_udpdump.o
 .bss           0x0000000081017018        0x0 binaries/xsh_udpecho.o
 .bss           0x0000000081017018        0x0 binaries/xsh_udpserver.o
 .bss           0x0000000081017018        0x0 binaries/xsh_uptime.o
 .bss           0x0000000081017018        0x0 binaries/ctxsw.o
 .bss           0x0000000081017018        0x0 binaries/intr.o
 .bss           0x0000000081017018        0x0 ../cross_compiler/lib/gcc/arm-none-eabi/4.8.1//libgcc.a(_udivsi3.o)
 .bss           0x0000000081017018        0x0 ../cross_compiler/lib/gcc/arm-none-eabi/4.8.1//libgcc.a(_divsi3.o)
 .bss           0x0000000081017018        0x0 ../cross_compiler/lib/gcc/arm-none-eabi/4.8.1//libgcc.a(_dvmd_tls.o)
 .bss           0x0000000081017018        0x0 ../cross_compiler/lib/gcc/arm-none-eabi/4.8.1//libgcc.a(_arm_muldivdf3.o)
 .bss           0x0000000081017018        0x0 ../cross_compiler/lib/gcc/arm-none-eabi/4.8.1//libgcc.a(_arm_cmpdf2.o)
 .bss           0x0000000081017018        0x0 ../cross_compiler/lib/gcc/arm-none-eabi/4.8.1//libgcc.a(_arm_fixdfsi.o)
 *(COMMON)
 COMMON         0x0000000081017018       0xf4 binaries/bufinit.o
                0x0000000081017018                buftab
                0x0000000081017108                nbpools
 COMMON         0x000000008101710c       0x10 binaries/clkinit.o
                0x000000008101710c                sleepq
                0x0000000081017110                clktime_ms
                0x0000000081017114                preempt
                0x0000000081017118                clktime
 COMMON         0x000000008101711c      0x200 binaries/evec.o
                0x000000008101711c                intc_vector
 COMMON         0x000000008101731c     0x1aa0 binaries/initialize.o
                0x000000008101731c                currpid
                0x0000000081017320                proctab
                0x0000000081018900                prcount
                0x0000000081018904                semtab
[...]
                0x00000000000020db       0x35 binaries/lflwrite.o
 .ARM.attributes
                0x0000000000002110       0x35 binaries/lfscheck.o
 .ARM.attributes
                0x0000000000002145       0x35 binaries/lfsckfmt.o
 .ARM.attributes
                0x000000000000217a       0x35 binaries/lfscreate.o
 .ARM.attributes
                0x00000000000021af       0x35 binaries/lfsetup.o
 .ARM.attributes
                0x00000000000021e4       0x35 binaries/lfsinit.o
 .ARM.attributes
                0x0000000000002219       0x35 binaries/lfsopen.o
 .ARM.attributes
                0x000000000000224e       0x35 binaries/lftruncate.o
 .ARM.attributes
                0x0000000000002283       0x35 binaries/rflclose.o
 .ARM.attributes
                0x00000000000022b8       0x35 binaries/rflgetc.o
 .ARM.attributes
                0x00000000000022ed       0x35 binaries/rflinit.o
 .ARM.attributes
                0x0000000000002322       0x35 binaries/rflputc.o
 .ARM.attributes
                0x0000000000002357       0x35 binaries/rflread.o
 .ARM.attributes
                0x000000000000238c       0x35 binaries/rflseek.o
 .ARM.attributes
                0x00000000000023c1       0x35 binaries/rflwrite.o
 .ARM.attributes
                0x00000000000023f6       0x35 binaries/rfscomm.o
 .ARM.attributes
                0x000000000000242b       0x35 binaries/rfscontrol.o
 .ARM.attributes
                0x0000000000002460       0x35 binaries/rfsgetmode.o
 .ARM.attributes
                0x0000000000002495       0x35 binaries/rfsinit.o
 .ARM.attributes
                0x00000000000024ca       0x35 binaries/rfsndmsg.o
 .ARM.attributes
                0x00000000000024ff       0x35 binaries/rfsopen.o
 .ARM.attributes
                0x0000000000002534       0x35 binaries/spicontrol.o
 .ARM.attributes
                0x0000000000002569       0x35 binaries/spiinit.o
 .ARM.attributes
                0x000000000000259e       0x35 binaries/arp.o
 .ARM.attributes
                0x00000000000025d3       0x35 binaries/dhcp.o
 .ARM.attributes
                0x0000000000002608       0x35 binaries/dns.o
 .ARM.attributes
                0x000000000000263d       0x35 binaries/dot2ip.o
 .ARM.attributes
                0x0000000000002672       0x35 binaries/hexdump.o
 .ARM.attributes
                0x00000000000026a7       0x35 binaries/icmp.o
 .ARM.attributes
                0x00000000000026dc       0x35 binaries/ip.o
 .ARM.attributes
                0x0000000000002711       0x35 binaries/net.o
 .ARM.attributes
                0x0000000000002746       0x35 binaries/pdump.o
 .ARM.attributes
                0x000000000000277b       0x35 binaries/tftp.o
 .ARM.attributes
                0x00000000000027b0       0x35 binaries/udp.o
 .ARM.attributes
                0x00000000000027e5       0x35 binaries/addargs.o
 .ARM.attributes
                0x000000000000281a       0x35 binaries/lexan.o
 .ARM.attributes
                0x000000000000284f       0x35 binaries/shell.o
 .ARM.attributes
                0x0000000000002884       0x35 binaries/xsh_argecho.o
 .ARM.attributes
                0x00000000000028b9       0x35 binaries/xsh_arp.o
 .ARM.attributes
                0x00000000000028ee       0x35 binaries/xsh_cat.o
 .ARM.attributes
                0x0000000000002923       0x35 binaries/xsh_clear.o
 .ARM.attributes
                0x0000000000002958       0x35 binaries/xsh_date.o
 .ARM.attributes
                0x000000000000298d       0x35 binaries/xsh_devdump.o
 .ARM.attributes
                0x00000000000029c2       0x35 binaries/xsh_echo.o
 .ARM.attributes
                0x00000000000029f7       0x35 binaries/xsh_exit.o
 .ARM.attributes
                0x0000000000002a2c       0x35 binaries/xsh_help.o
 .ARM.attributes
                0x0000000000002a61       0x35 binaries/xsh_kill.o
 .ARM.attributes
                0x0000000000002a96       0x35 binaries/xsh_memdump.o
 .ARM.attributes
                0x0000000000002acb       0x35 binaries/xsh_memstat.o
 .ARM.attributes
                0x0000000000002b00       0x35 binaries/xsh_netinfo.o
 .ARM.attributes
                0x0000000000002b35       0x35 binaries/xsh_ping.o
 .ARM.attributes
                0x0000000000002b6a       0x35 binaries/xsh_ps.o
 .ARM.attributes
                0x0000000000002b9f       0x35 binaries/xsh_sleep.o
 .ARM.attributes
                0x0000000000002bd4       0x35 binaries/xsh_udpdump.o
 .ARM.attributes
                0x0000000000002c09       0x35 binaries/xsh_udpecho.o
 .ARM.attributes
                0x0000000000002c3e       0x35 binaries/xsh_udpserver.o
 .ARM.attributes
                0x0000000000002c73       0x35 binaries/xsh_uptime.o
 .ARM.attributes
                0x0000000000002ca8       0x25 binaries/ctxsw.o
 .ARM.attributes
                0x0000000000002ccd       0x25 binaries/intr.o
 .ARM.attributes
                0x0000000000002cf2       0x18 ../cross_compiler/lib/gcc/arm-none-eabi/4.8.1//libgcc.a(_udivsi3.o)
 .ARM.attributes
                0x0000000000002d0a       0x18 ../cross_compiler/lib/gcc/arm-none-eabi/4.8.1//libgcc.a(_divsi3.o)
 .ARM.attributes
                0x0000000000002d22       0x18 ../cross_compiler/lib/gcc/arm-none-eabi/4.8.1//libgcc.a(_dvmd_tls.o)
 .ARM.attributes
                0x0000000000002d3a       0x18 ../cross_compiler/lib/gcc/arm-none-eabi/4.8.1//libgcc.a(_arm_muldivdf3.o)
 .ARM.attributes
                0x0000000000002d52       0x18 ../cross_compiler/lib/gcc/arm-none-eabi/4.8.1//libgcc.a(_arm_cmpdf2.o)
 .ARM.attributes
                0x0000000000002d6a       0x18 ../cross_compiler/lib/gcc/arm-none-eabi/4.8.1//libgcc.a(_arm_fixdfsi.o)

.comment        0x0000000000000000       0x6e
 .comment       0x0000000000000000       0x6e binaries/ascdate.o
                                         0x6f (size before relaxing)
 .comment       0x000000000000006e       0x6f binaries/bufinit.o
 .comment       0x000000000000006e       0x6f binaries/chprio.o
 .comment       0x000000000000006e       0x6f binaries/clkhandler.o
 .comment       0x000000000000006e       0x6f binaries/clkinit.o
 .comment       0x000000000000006e       0x6f binaries/close.o
 .comment       0x000000000000006e       0x6f binaries/conf.o
 .comment       0x000000000000006e       0x6f binaries/control.o
 .comment       0x000000000000006e       0x6f binaries/create.o
 .comment       0x000000000000006e       0x6f binaries/evec.o
 .comment       0x000000000000006e       0x6f binaries/exit.o
 .comment       0x000000000000006e       0x6f binaries/freebuf.o
 .comment       0x000000000000006e       0x6f binaries/freemem.o
 .comment       0x000000000000006e       0x6f binaries/getbuf.o
 .comment       0x000000000000006e       0x6f binaries/getc.o
 .comment       0x000000000000006e       0x6f binaries/getdev.o
 .comment       0x000000000000006e       0x6f binaries/getitem.o
 .comment       0x000000000000006e       0x6f binaries/getmem.o
 .comment       0x000000000000006e       0x6f binaries/getpid.o
 .comment       0x000000000000006e       0x6f binaries/getprio.o
 .comment       0x000000000000006e       0x6f binaries/getstk.o
 .comment       0x000000000000006e       0x6f binaries/getticks.o
 .comment       0x000000000000006e       0x6f binaries/gettime.o
 .comment       0x000000000000006e       0x6f binaries/getutime.o
 .comment       0x000000000000006e       0x6f binaries/init.o
 .comment       0x000000000000006e       0x6f binaries/initialize.o
 .comment       0x000000000000006e       0x6f binaries/insert.o
 .comment       0x000000000000006e       0x6f binaries/insertd.o
 .comment       0x000000000000006e       0x6f binaries/ioerr.o
 .comment       0x000000000000006e       0x6f binaries/ionull.o
 .comment       0x000000000000006e       0x6f binaries/kill.o
 .comment       0x000000000000006e       0x6f binaries/kprintf.o
 .comment       0x000000000000006e       0x6f binaries/main.o
 .comment       0x000000000000006e       0x6f binaries/mark.o
 .comment       0x000000000000006e       0x6f binaries/meminit.o
 .comment       0x000000000000006e       0x6f binaries/mkbufpool.o
 .comment       0x000000000000006e       0x6f binaries/newqueue.o
 .comment       0x000000000000006e       0x6f binaries/open.o
 .comment       0x000000000000006e       0x6f binaries/panic.o
 .comment       0x000000000000006e       0x6f binaries/platinit.o
 .comment       0x000000000000006e       0x6f binaries/ptclear.o
 .comment       0x000000000000006e       0x6f binaries/ptcount.o
 .comment       0x000000000000006e       0x6f binaries/ptcreate.o
 .comment       0x000000000000006e       0x6f binaries/ptdelete.o
 .comment       0x000000000000006e       0x6f binaries/ptinit.o
 .comment       0x000000000000006e       0x6f binaries/ptrecv.o
 .comment       0x000000000000006e       0x6f binaries/ptreset.o
 .comment       0x000000000000006e       0x6f binaries/ptsend.o
 .comment       0x000000000000006e       0x6f binaries/putc.o
 .comment       0x000000000000006e       0x6f binaries/queue.o
 .comment       0x000000000000006e       0x6f binaries/read.o
 .comment       0x000000000000006e       0x6f binaries/ready.o
 .comment       0x000000000000006e       0x6f binaries/receive.o
 .comment       0x000000000000006e       0x6f binaries/recvclr.o
 .comment       0x000000000000006e       0x6f binaries/recvtime.o
 .comment       0x000000000000006e       0x6f binaries/resched.o
 .comment       0x000000000000006e       0x6f binaries/resume.o
 .comment       0x000000000000006e       0x6f binaries/seek.o
 .comment       0x000000000000006e       0x6f binaries/semcount.o
 .comment       0x000000000000006e       0x6f binaries/semcreate.o
 .comment       0x000000000000006e       0x6f binaries/semdelete.o
 .comment       0x000000000000006e       0x6f binaries/semreset.o
 .comment       0x000000000000006e       0x6f binaries/send.o
 .comment       0x000000000000006e       0x6f binaries/signal.o
 .comment       0x000000000000006e       0x6f binaries/signaln.o
 .comment       0x000000000000006e       0x6f binaries/sleep.o
 .comment       0x000000000000006e       0x6f binaries/suspend.o
 .comment       0x000000000000006e       0x6f binaries/unsleep.o
 .comment       0x000000000000006e       0x6f binaries/userret.o
 .comment       0x000000000000006e       0x6f binaries/wait.o
 .comment       0x000000000000006e       0x6f binaries/wakeup.o
 .comment       0x000000000000006e       0x6f binaries/write.o
 .comment       0x000000000000006e       0x6f binaries/xdone.o
 .comment       0x000000000000006e       0x6f binaries/yield.o
 .comment       0x000000000000006e       0x6f binaries/abs.o
 .comment       0x000000000000006e       0x6f binaries/atoi.o
 .comment       0x000000000000006e       0x6f binaries/atol.o
 .comment       0x000000000000006e       0x6f binaries/bzero.o
 .comment       0x000000000000006e       0x6f binaries/ctype_.o
 .comment       0x000000000000006e       0x6f binaries/doprnt.o
 .comment       0x000000000000006e       0x6f binaries/doscan.o
 .comment       0x000000000000006e       0x6f binaries/fdoprnt.o
 .comment       0x000000000000006e       0x6f binaries/fgetc.o
 .comment       0x000000000000006e       0x6f binaries/fgets.o
 .comment       0x000000000000006e       0x6f binaries/fprintf.o
 .comment       0x000000000000006e       0x6f binaries/fputc.o
 .comment       0x000000000000006e       0x6f binaries/fputs.o
 .comment       0x000000000000006e       0x6f binaries/fscanf.o
 .comment       0x000000000000006e       0x6f binaries/getchar.o
 .comment       0x000000000000006e       0x6f binaries/labs.o
 .comment       0x000000000000006e       0x6f binaries/memchr.o
 .comment       0x000000000000006e       0x6f binaries/memcmp.o
 .comment       0x000000000000006e       0x6f binaries/memcpy.o
 .comment       0x000000000000006e       0x6f binaries/memset.o
 .comment       0x000000000000006e       0x6f binaries/printf.o
 .comment       0x000000000000006e       0x6f binaries/putchar.o
 .comment       0x000000000000006e       0x6f binaries/qsort.o
 .comment       0x000000000000006e       0x6f binaries/rand.o
 .comment       0x000000000000006e       0x6f binaries/sprintf.o
 .comment       0x000000000000006e       0x6f binaries/sscanf.o
 .comment       0x000000000000006e       0x6f binaries/strchr.o
 .comment       0x000000000000006e       0x6f binaries/strcmp.o
 .comment       0x000000000000006e       0x6f binaries/strcpy.o
 .comment       0x000000000000006e       0x6f binaries/strlen.o
 .comment       0x000000000000006e       0x6f binaries/strncat.o
 .comment       0x000000000000006e       0x6f binaries/strncmp.o
 .comment       0x000000000000006e       0x6f binaries/strncpy.o
 .comment       0x000000000000006e       0x6f binaries/strnlen.o
 .comment       0x000000000000006e       0x6f binaries/strrchr.o
 .comment       0x000000000000006e       0x6f binaries/strstr.o
 .comment       0x000000000000006e       0x6f binaries/ttycontrol.o
 .comment       0x000000000000006e       0x6f binaries/ttygetc.o
 .comment       0x000000000000006e       0x6f binaries/ttyhandle_in.o
 .comment       0x000000000000006e       0x6f binaries/ttyhandle_out.o
 .comment       0x000000000000006e       0x6f binaries/ttyhandler.o
 .comment       0x000000000000006e       0x6f binaries/ttyinit.o
 .comment       0x000000000000006e       0x6f binaries/ttykickout.o
 .comment       0x000000000000006e       0x6f binaries/ttyputc.o
 .comment       0x000000000000006e       0x6f binaries/ttyread.o
 .comment       0x000000000000006e       0x6f binaries/ttywrite.o
 .comment       0x000000000000006e       0x6f binaries/mount.o
 .comment       0x000000000000006e       0x6f binaries/naminit.o
 .comment       0x000000000000006e       0x6f binaries/nammap.o
 .comment       0x000000000000006e       0x6f binaries/namopen.o
 .comment       0x000000000000006e       0x6f binaries/ethcontrol.o
 .comment       0x000000000000006e       0x6f binaries/ethhandler.o
 .comment       0x000000000000006e       0x6f binaries/ethinit.o
 .comment       0x000000000000006e       0x6f binaries/ethread.o
 .comment       0x000000000000006e       0x6f binaries/ethwrite.o
 .comment       0x000000000000006e       0x6f binaries/rdsbufalloc.o
 .comment       0x000000000000006e       0x6f binaries/rdsclose.o
 .comment       0x000000000000006e       0x6f binaries/rdscomm.o
 .comment       0x000000000000006e       0x6f binaries/rdscontrol.o
 .comment       0x000000000000006e       0x6f binaries/rdsinit.o
 .comment       0x000000000000006e       0x6f binaries/rdsopen.o
 .comment       0x000000000000006e       0x6f binaries/rdsprocess.o
 .comment       0x000000000000006e       0x6f binaries/rdsread.o
 .comment       0x000000000000006e       0x6f binaries/rdswrite.o
 .comment       0x000000000000006e       0x6f binaries/ramclose.o
 .comment       0x000000000000006e       0x6f binaries/raminit.o
 .comment       0x000000000000006e       0x6f binaries/ramopen.o
 .comment       0x000000000000006e       0x6f binaries/ramread.o
 .comment       0x000000000000006e       0x6f binaries/ramwrite.o
 .comment       0x000000000000006e       0x6f binaries/lfdballoc.o
 .comment       0x000000000000006e       0x6f binaries/lfdbfree.o
 .comment       0x000000000000006e       0x6f binaries/lfflush.o
 .comment       0x000000000000006e       0x6f binaries/lfgetmode.o
 .comment       0x000000000000006e       0x6f binaries/lfiballoc.o
 .comment       0x000000000000006e       0x6f binaries/lfibclear.o
 .comment       0x000000000000006e       0x6f binaries/lfibget.o
 .comment       0x000000000000006e       0x6f binaries/lfibput.o
 .comment       0x000000000000006e       0x6f binaries/lflclose.o
 .comment       0x000000000000006e       0x6f binaries/lflcontrol.o
 .comment       0x000000000000006e       0x6f binaries/lflgetc.o
 .comment       0x000000000000006e       0x6f binaries/lflinit.o
 .comment       0x000000000000006e       0x6f binaries/lflputc.o
 .comment       0x000000000000006e       0x6f binaries/lflread.o
 .comment       0x000000000000006e       0x6f binaries/lflseek.o
 .comment       0x000000000000006e       0x6f binaries/lflwrite.o
 .comment       0x000000000000006e       0x6f binaries/lfscheck.o
 .comment       0x000000000000006e       0x6f binaries/lfsckfmt.o
 .comment       0x000000000000006e       0x6f binaries/lfscreate.o
 .comment       0x000000000000006e       0x6f binaries/lfsetup.o
 .comment       0x000000000000006e       0x6f binaries/lfsinit.o
 .comment       0x000000000000006e       0x6f binaries/lfsopen.o
 .comment       0x000000000000006e       0x6f binaries/lftruncate.o
 .comment       0x000000000000006e       0x6f binaries/rflclose.o
 .comment       0x000000000000006e       0x6f binaries/rflgetc.o
 .comment       0x000000000000006e       0x6f binaries/rflinit.o
 .comment       0x000000000000006e       0x6f binaries/rflputc.o
 .comment       0x000000000000006e       0x6f binaries/rflread.o
 .comment       0x000000000000006e       0x6f binaries/rflseek.o
 .comment       0x000000000000006e       0x6f binaries/rflwrite.o
 .comment       0x000000000000006e       0x6f binaries/rfscomm.o
 .comment       0x000000000000006e       0x6f binaries/rfscontrol.o
 .comment       0x000000000000006e       0x6f binaries/rfsgetmode.o
 .comment       0x000000000000006e       0x6f binaries/rfsinit.o
 .comment       0x000000000000006e       0x6f binaries/rfsndmsg.o
 .comment       0x000000000000006e       0x6f binaries/rfsopen.o
 .comment       0x000000000000006e       0x6f binaries/spicontrol.o
 .comment       0x000000000000006e       0x6f binaries/spiinit.o
 .comment       0x000000000000006e       0x6f binaries/arp.o
 .comment       0x000000000000006e       0x6f binaries/dhcp.o
 .comment       0x000000000000006e       0x6f binaries/dns.o
 .comment       0x000000000000006e       0x6f binaries/dot2ip.o
 .comment       0x000000000000006e       0x6f binaries/hexdump.o
 .comment       0x000000000000006e       0x6f binaries/icmp.o
 .comment       0x000000000000006e       0x6f binaries/ip.o
 .comment       0x000000000000006e       0x6f binaries/net.o
 .comment       0x000000000000006e       0x6f binaries/pdump.o
 .comment       0x000000000000006e       0x6f binaries/tftp.o
 .comment       0x000000000000006e       0x6f binaries/udp.o
 .comment       0x000000000000006e       0x6f binaries/addargs.o
 .comment       0x000000000000006e       0x6f binaries/lexan.o
 .comment       0x000000000000006e       0x6f binaries/shell.o
 .comment       0x000000000000006e       0x6f binaries/xsh_argecho.o
 .comment       0x000000000000006e       0x6f binaries/xsh_arp.o
 .comment       0x000000000000006e       0x6f binaries/xsh_cat.o
 .comment       0x000000000000006e       0x6f binaries/xsh_clear.o
 .comment       0x000000000000006e       0x6f binaries/xsh_date.o
 .comment       0x000000000000006e       0x6f binaries/xsh_devdump.o
 .comment       0x000000000000006e       0x6f binaries/xsh_echo.o
 .comment       0x000000000000006e       0x6f binaries/xsh_exit.o
 .comment       0x000000000000006e       0x6f binaries/xsh_help.o
 .comment       0x000000000000006e       0x6f binaries/xsh_kill.o
 .comment       0x000000000000006e       0x6f binaries/xsh_memdump.o
 .comment       0x000000000000006e       0x6f binaries/xsh_memstat.o
 .comment       0x000000000000006e       0x6f binaries/xsh_netinfo.o
 .comment       0x000000000000006e       0x6f binaries/xsh_ping.o
 .comment       0x000000000000006e       0x6f binaries/xsh_ps.o
 .comment       0x000000000000006e       0x6f binaries/xsh_sleep.o
 .comment       0x000000000000006e       0x6f binaries/xsh_udpdump.o
 .comment       0x000000000000006e       0x6f binaries/xsh_udpecho.o
 .comment       0x000000000000006e       0x6f binaries/xsh_udpserver.o
 .comment       0x000000000000006e       0x6f binaries/xsh_uptime.o

.debug_frame    0x0000000000000000       0x40
 .debug_frame   0x0000000000000000       0x20 ../cross_compiler/lib/gcc/arm-none-eabi/4.8.1//libgcc.a(_udivsi3.o)
 .debug_frame   0x0000000000000020       0x20 ../cross_compiler/lib/gcc/arm-none-eabi/4.8.1//libgcc.a(_divsi3.o)
